10:50:01 **** Build of configuration Debug for project 000Helloworld ****
make -j8 all 
arm-none-eabi-gcc -mcpu=cortex-m4 -g3 -DDEBUG -c -x assembler-with-cpp -MMD -MP -MF"Startup/startup_stm32wb55rgvx.d" -MT"Startup/startup_stm32wb55rgvx.o" --specs=nano.specs -mfpu=fpv4-sp-d16 -mfloat-abi=hard -mthumb -o "Startup/startup_stm32wb55rgvx.o" "../Startup/startup_stm32wb55rgvx.s"
arm-none-eabi-gcc "../Src/main.c" -mcpu=cortex-m4 -std=gnu11 -g3 -DDEBUG -DSTM32 -DSTM32WB -DNUCLEO_WB55RG -DSTM32WB55RGVx -c -I../Inc -O0 -ffunction-sections -fdata-sections -Wall -fstack-usage -fcyclomatic-complexity -MMD -MP -MF"Src/main.d" -MT"Src/main.o" --specs=nano.specs -mfpu=fpv4-sp-d16 -mfloat-abi=hard -mthumb -o "Src/main.o"
arm-none-eabi-gcc "../Src/syscalls.c" -mcpu=cortex-m4 -std=gnu11 -g3 -DDEBUG -DSTM32 -DSTM32WB -DNUCLEO_WB55RG -DSTM32WB55RGVx -c -I../Inc -O0 -ffunction-sections -fdata-sections -Wall -fstack-usage -fcyclomatic-complexity -MMD -MP -MF"Src/syscalls.d" -MT"Src/syscalls.o" --specs=nano.specs -mfpu=fpv4-sp-d16 -mfloat-abi=hard -mthumb -o "Src/syscalls.o"
arm-none-eabi-gcc "../Src/sysmem.c" -mcpu=cortex-m4 -std=gnu11 -g3 -DDEBUG -DSTM32 -DSTM32WB -DNUCLEO_WB55RG -DSTM32WB55RGVx -c -I../Inc -O0 -ffunction-sections -fdata-sections -Wall -fstack-usage -fcyclomatic-complexity -MMD -MP -MF"Src/sysmem.d" -MT"Src/sysmem.o" --specs=nano.specs -mfpu=fpv4-sp-d16 -mfloat-abi=hard -mthumb -o "Src/sysmem.o"
arm-none-eabi-gcc -o "000Helloworld.elf" @"objects.list"   -mcpu=cortex-m4 -T"D:\Programs\Embedded C\My_Workspace\Target\000Helloworld\STM32WB55RGVX_FLASH.ld" --specs=nosys.specs -Wl,-Map="000Helloworld.map" -Wl,--gc-sections -static -save-temps --specs=nano.specs -mfpu=fpv4-sp-d16 -mfloat-abi=hard -mthumb -Wl,--start-group -lc -lm -Wl,--end-group
Finished building target: 000Helloworld.elf
 
arm-none-eabi-size  000Helloworld.elf 
arm-none-eabi-objdump -h -S 000Helloworld.elf  > "000Helloworld.list"
   text	   data	    bss	    dec	    hex	filename
   3360	     92	   1900	   5352	   14e8	000Helloworld.elf
Finished building: default.size.stdout
 
Finished building: 000Helloworld.list
 

10:50:01 Build Finished. 0 errors, 0 warnings. (took 660ms)

