21:15:50 **** Build of configuration Debug for project 000TargetProject ****
make -j8 all 
arm-none-eabi-gcc -mcpu=cortex-m33 -g3 -DDEBUG -c -x assembler-with-cpp -MMD -MP -MF"Startup/startup_stm32wba55cgux.d" -MT"Startup/startup_stm32wba55cgux.o" --specs=nano.specs -mfloat-abi=soft -mthumb -o "Startup/startup_stm32wba55cgux.o" "../Startup/startup_stm32wba55cgux.s"
arm-none-eabi-gcc "../Src/main.c" -mcpu=cortex-m33 -std=gnu11 -g3 -DDEBUG -DSTM32WBA -DSTM32 -DNUCLEO_WBA55CG -DSTM32WBA55CGUx -c -I../Inc -O0 -ffunction-sections -fdata-sections -Wall -fstack-usage -fcyclomatic-complexity -MMD -MP -MF"Src/main.d" -MT"Src/main.o" --specs=nano.specs -mfloat-abi=soft -mthumb -o "Src/main.o"
arm-none-eabi-gcc "../Src/syscalls.c" -mcpu=cortex-m33 -std=gnu11 -g3 -DDEBUG -DSTM32WBA -DSTM32 -DNUCLEO_WBA55CG -DSTM32WBA55CGUx -c -I../Inc -O0 -ffunction-sections -fdata-sections -Wall -fstack-usage -fcyclomatic-complexity -MMD -MP -MF"Src/syscalls.d" -MT"Src/syscalls.o" --specs=nano.specs -mfloat-abi=soft -mthumb -o "Src/syscalls.o"
arm-none-eabi-gcc "../Src/sysmem.c" -mcpu=cortex-m33 -std=gnu11 -g3 -DDEBUG -DSTM32WBA -DSTM32 -DNUCLEO_WBA55CG -DSTM32WBA55CGUx -c -I../Inc -O0 -ffunction-sections -fdata-sections -Wall -fstack-usage -fcyclomatic-complexity -MMD -MP -MF"Src/sysmem.d" -MT"Src/sysmem.o" --specs=nano.specs -mfloat-abi=soft -mthumb -o "Src/sysmem.o"
arm-none-eabi-gcc -o "000TargetProject.elf" @"objects.list"   -mcpu=cortex-m33 -T"D:\Programs\Embedded C\My_Workspace\Target\000TargetProject\STM32WBA55CGUX_FLASH.ld" --specs=nosys.specs -Wl,-Map="000TargetProject.map" -Wl,--gc-sections -static --specs=nano.specs -mfloat-abi=soft -mthumb -Wl,--start-group -lc -lm -Wl,--end-group
Finished building target: 000TargetProject.elf
 
arm-none-eabi-size  000TargetProject.elf 
arm-none-eabi-objdump -h -S 000TargetProject.elf  > "000TargetProject.list"
   text	   data	    bss	    dec	    hex	filename
    604	      0	   1568	   2172	    87c	000TargetProject.elf
Finished building: default.size.stdout
 
Finished building: 000TargetProject.list
 

21:15:52 Build Finished. 0 errors, 0 warnings. (took 1s.723ms)

