21:43:00 **** Build of configuration Debug for project 009Button ISR ****
make -j8 all 
arm-none-eabi-gcc -mcpu=cortex-m7 -g3 -DDEBUG -c -x assembler-with-cpp -MMD -MP -MF"Startup/startup_stm32f722zetx.d" -MT"Startup/startup_stm32f722zetx.o" --specs=nano.specs -mfpu=fpv5-sp-d16 -mfloat-abi=hard -mthumb -o "Startup/startup_stm32f722zetx.o" "../Startup/startup_stm32f722zetx.s"
arm-none-eabi-gcc "../Src/main.c" -mcpu=cortex-m7 -std=gnu11 -g3 -DDEBUG -DNUCLEO_F722ZE -DSTM32 -DSTM32F7 -DSTM32F722ZETx -c -I../Inc -O0 -ffunction-sections -fdata-sections -Wall -fstack-usage -fcyclomatic-complexity -MMD -MP -MF"Src/main.d" -MT"Src/main.o" --specs=nano.specs -mfpu=fpv5-sp-d16 -mfloat-abi=hard -mthumb -o "Src/main.o"
arm-none-eabi-gcc "../Src/syscalls.c" -mcpu=cortex-m7 -std=gnu11 -g3 -DDEBUG -DNUCLEO_F722ZE -DSTM32 -DSTM32F7 -DSTM32F722ZETx -c -I../Inc -O0 -ffunction-sections -fdata-sections -Wall -fstack-usage -fcyclomatic-complexity -MMD -MP -MF"Src/syscalls.d" -MT"Src/syscalls.o" --specs=nano.specs -mfpu=fpv5-sp-d16 -mfloat-abi=hard -mthumb -o "Src/syscalls.o"
arm-none-eabi-gcc "../Src/sysmem.c" -mcpu=cortex-m7 -std=gnu11 -g3 -DDEBUG -DNUCLEO_F722ZE -DSTM32 -DSTM32F7 -DSTM32F722ZETx -c -I../Inc -O0 -ffunction-sections -fdata-sections -Wall -fstack-usage -fcyclomatic-complexity -MMD -MP -MF"Src/sysmem.d" -MT"Src/sysmem.o" --specs=nano.specs -mfpu=fpv5-sp-d16 -mfloat-abi=hard -mthumb -o "Src/sysmem.o"
arm-none-eabi-gcc -o "009Button ISR.elf" @"objects.list"   -mcpu=cortex-m7 -T"D:\Programs\Embedded C\My_Workspace\Target\009Button ISR\STM32F722ZETX_FLASH.ld" --specs=nosys.specs -Wl,-Map="009Button ISR.map" -Wl,--gc-sections -static --specs=nano.specs -mfpu=fpv5-sp-d16 -mfloat-abi=hard -mthumb -Wl,--start-group -lc -lm -Wl,--end-group
Finished building target: 009Button ISR.elf
 
arm-none-eabi-size  009Button\ ISR.elf 
arm-none-eabi-objdump -h -S 009Button\ ISR.elf  > "009Button ISR.list"
   text	   data	    bss	    dec	    hex	filename
   1076	      0	   1576	   2652	    a5c	009Button ISR.elf
Finished building: default.size.stdout
 
Finished building: 009Button ISR.list
 

21:43:01 Build Finished. 0 errors, 0 warnings. (took 1s.38ms)

